// Jest Snapshot v1, https://goo.gl/fbAQLP

exports[`pruebas con RealExampleRef should display correctly 1`] = `
<div>
  <h1>
    Real Example Ref
  </h1>
  <hr />
  <button
    className="btn btn-primary"
    onClick={[Function]}
  >
    Mostrar/Ocultar
  </button>
</div>
`;
