// Jest Snapshot v1, https://goo.gl/fbAQLP

exports[`Testing HookApp should match the snapshot 1`] = `
<div>
  <h1>
    Hola Mon!
  </h1>
</div>
`;
