// Jest Snapshot v1, https://goo.gl/fbAQLP

exports[`Pruebas en HomeView should display correctly 1`] = `<HomeView />`;
